2026-09-10 13:36:17,746	INFO worker.py:1810 -- Connecting to existing Ray cluster at address: 10.138.0.2:6379...
2026-09-10 13:36:17,772	INFO worker.py:2004 -- Connected to Ray cluster. View the dashboard at [1m[32m127.0.0.1:8265 [39m[22m
/opt/conda/envs/chia_env/lib/python3.10/site-packages/ray/_private/worker.py:2052: FutureWarning: Tip: In future versions of Ray, Ray will no longer override accelerator visible devices env var if num_gpus=0 or num_gpus=None (default). To enable this behavior and turn off this error message, set RAY_ACCEL_ENV_VAR_OVERRIDE_ON_ZERO=0
  warnings.warn(
2026-09-10 13:36:17,817 INFO cluster: {'CPU': 64.0, 'orfs': 8.0}
2026-09-10 13:36:17,818 WARNING no calibration at /home/barsat/repo/examples/openroad_orfs/calibration_cb_picorv32_sky130hd.json; every range is nominal

=== surrogate conformance ===
  [ok  ] declares at least one prediction — clock_skew_setup, clock_power_w, clock_wirelength_um
  [ok  ] every declared kind is valid — {}
  [ok  ] every orfs_metric name is a real ORFS metric — 12 known
  [ok  ] declared domain is well-formed — CTS_CLUSTER_DIAMETER(35.0, 70.0), CTS_CLUSTER_SIZE(12.0, 30.0), CTS_BUF_DISTANCE(70.0, 150.0)
  [warn] predict() needs calibrate() first — pass a calibrated instance and a real state to check it fully — call calibrate(state) before predict() — SwiftCTS parses the placement

  CONFORMANT so far (prediction not exercised)

=== 1. shared placement (cb_picorv32) ===
    built in 265s

=== 2. artifacts the surrogate declared ===
    {'clock_period': '0KB', 'def': '3617KB', 'timing_rpt': '26KB'}

=== 3. K=1 calibration ===
2026-09-10 13:40:46,735 INFO loaded SwiftCTS from /home/barsat/sw/SwiftCTS/saved_models/model.pkl
2026-09-10 13:40:46,736 WARNING no SAIF available; power features fall back to defaults (clock power is unvalidated anyway)
2026-09-10 13:40:46,917 INFO registered placement cb_picorv32_sky130hd (t_clk=4.500 ns)
2026-09-10 13:48:29,512 INFO K-shot calibration complete with K=1 (2 scale factor(s))
    k_shot=1 in 464s

=== 4. screen (computed once, on the driver) ===
    swiftcts ranked 216 configurations by predicted clock_wirelength_um in 0.91s
           22464.8  CTS_BUF_DISTANCE=70.0, CTS_CLUSTER_DIAMETER=70.0, CTS_CLUSTER_SIZE=30
           22464.8  CTS_BUF_DISTANCE=150.0, CTS_CLUSTER_DIAMETER=70.0, CTS_CLUSTER_SIZE=30
           22464.8  CTS_BUF_DISTANCE=102.0, CTS_CLUSTER_DIAMETER=70.0, CTS_CLUSTER_SIZE=30
           22464.8  CTS_BUF_DISTANCE=86.0, CTS_CLUSTER_DIAMETER=70.0, CTS_CLUSTER_SIZE=30
           22464.8  CTS_BUF_DISTANCE=118.0, CTS_CLUSTER_DIAMETER=70.0, CTS_CLUSTER_SIZE=30
[36m(_ToolServerActor pid=636480)[0m INFO:     Started server process [636480]
[36m(_ToolServerActor pid=636480)[0m INFO:     Waiting for application startup.
[36m(_ToolServerActor pid=636480)[0m INFO:     Application startup complete.
[36m(_ToolServerActor pid=636480)[0m INFO:     Uvicorn running on http://10.138.0.2:8000 (Press CTRL+C to quit)
2026-09-10 13:48:32,015 INFO orfs started at 10.138.0.2:8000 on node c96c2c6136c0db5aaa1899cc45d6d7260edbfefc9936b4b81e935e61

=== 5. build ===
    candidate 1 started with {'CTS_BUF_DISTANCE': 70.0, 'CTS_CLUSTER_DIAMETER': 70.0, 'CTS_CLUSTER_SIZE': 30}. A full build takes around an hour. Up to 8 candidates run at once, so propose the others you want now and poll them all afterwards rather than waiting on this one.
    candidate 2 started with {'CTS_BUF_DISTANCE': 150.0, 'CTS_CLUSTER_DIAMETER': 70.0, 'CTS_CLUSTER_SIZE': 30}. A full build takes around an hour. Up to 8 candidates run at once, so propose the others you want now and poll them all afterwards rather than waiting on this one.
    candidate 3 started with {'CTS_BUF_DISTANCE': 102.0, 'CTS_CLUSTER_DIAMETER': 70.0, 'CTS_CLUSTER_SIZE': 30}. A full build takes around an hour. Up to 8 candidates run at once, so propose the others you want now and poll them all afterwards rather than waiting on this one.
    candidate 4 started with {'CTS_BUF_DISTANCE': 86.0, 'CTS_CLUSTER_DIAMETER': 70.0, 'CTS_CLUSTER_SIZE': 30}. A full build takes around an hour. Up to 8 candidates run at once, so propose the others you want now and poll them all afterwards rather than waiting on this one.
    candidate 5 started with {'CTS_BUF_DISTANCE': 118.0, 'CTS_CLUSTER_DIAMETER': 70.0, 'CTS_CLUSTER_SIZE': 30}. A full build takes around an hour. Up to 8 candidates run at once, so propose the others you want now and poll them all afterwards rather than waiting on this one.
    candidate 6 started with {'CTS_BUF_DISTANCE': 134.0, 'CTS_CLUSTER_DIAMETER': 70.0, 'CTS_CLUSTER_SIZE': 30}. A full build takes around an hour. Up to 8 candidates run at once, so propose the others you want now and poll them all afterwards rather than waiting on this one.
    candidate 7 started with {'CTS_BUF_DISTANCE': 70.0, 'CTS_CLUSTER_DIAMETER': 70.0, 'CTS_CLUSTER_SIZE': 19}. A full build takes around an hour. Up to 8 candidates run at once, so propose the others you want now and poll them all afterwards rather than waiting on this one.
    candidate 8 started with {'CTS_BUF_DISTANCE': 134.0, 'CTS_CLUSTER_DIAMETER': 70.0, 'CTS_CLUSTER_SIZE': 19}. A full build takes around an hour. Up to 8 candidates run at once, so propose the others you want now and poll them all afterwards rather than waiting on this one.
    candidate 9 started with {'CTS_BUF_DISTANCE': 102.0, 'CTS_CLUSTER_DIAMETER': 70.0, 'CTS_CLUSTER_SIZE': 19}. A full build takes around an hour. Up to 8 candidates run at once, so propose the others you want now and poll them all afterwards rather than waiting on this one.
    candidate 10 started with {'CTS_BUF_DISTANCE': 86.0, 'CTS_CLUSTER_DIAMETER': 70.0, 'CTS_CLUSTER_SIZE': 19}. A full build takes around an hour. Up to 8 candidates run at once, so propose the others you want now and poll them all afterwards rather than waiting on this one.
    candidate 11 started with {'CTS_BUF_DISTANCE': 118.0, 'CTS_CLUSTER_DIAMETER': 70.0, 'CTS_CLUSTER_SIZE': 19}. A full build takes around an hour. Up to 8 candidates run at once, so propose the others you want now and poll them all afterwards rather than waiting on this one.
    candidate 12 started with {'CTS_BUF_DISTANCE': 150.0, 'CTS_CLUSTER_DIAMETER': 70.0, 'CTS_CLUSTER_SIZE': 19}. A full build takes around an hour. Up to 8 candidates run at once, so propose the others you want now and poll them all afterwards rather than waiting on this one.
    #1 CTS_BUF_DISTANCE=70.0, CTS_CLUSTER_DIAMETER=70.0, CTS_CLUSTER_SIZE=30 -> built (worst_slack=-0.302, power_total=0.03373, instance_area=1.027e+05, clock_skew_setup=0.5695)
        predicted 22464.8 vs actual 21421.8  (4.9%)
    #2 CTS_BUF_DISTANCE=150.0, CTS_CLUSTER_DIAMETER=70.0, CTS_CLUSTER_SIZE=30 -> built (worst_slack=-0.1743, power_total=0.03338, instance_area=1.021e+05, clock_skew_setup=0.5648)
        predicted 22464.8 vs actual 21288.2  (5.5%)
    #3 CTS_BUF_DISTANCE=102.0, CTS_CLUSTER_DIAMETER=70.0, CTS_CLUSTER_SIZE=30 -> built (worst_slack=-0.2377, power_total=0.03351, instance_area=1.025e+05, clock_skew_setup=0.5714)
        predicted 22464.8 vs actual 21435.6  (4.8%)
    #4 CTS_BUF_DISTANCE=86.0, CTS_CLUSTER_DIAMETER=70.0, CTS_CLUSTER_SIZE=30 -> built (worst_slack=-0.3623, power_total=0.03381, instance_area=1.027e+05, clock_skew_setup=0.5793)
        predicted 22464.8 vs actual 21771.1  (3.2%)
    #5 CTS_BUF_DISTANCE=118.0, CTS_CLUSTER_DIAMETER=70.0, CTS_CLUSTER_SIZE=30 -> built (worst_slack=-0.2917, power_total=0.03355, instance_area=1.026e+05, clock_skew_setup=0.5778)
        predicted 22464.8 vs actual 21699.3  (3.5%)
    #6 CTS_BUF_DISTANCE=134.0, CTS_CLUSTER_DIAMETER=70.0, CTS_CLUSTER_SIZE=30 -> built (worst_slack=-0.2368, power_total=0.0337, instance_area=1.025e+05, clock_skew_setup=0.579)
        predicted 22464.8 vs actual 21712.7  (3.5%)
    #7 CTS_BUF_DISTANCE=70.0, CTS_CLUSTER_DIAMETER=70.0, CTS_CLUSTER_SIZE=19 -> built (worst_slack=-0.3289, power_total=0.03373, instance_area=1.025e+05, clock_skew_setup=0.5602)
        predicted 22464.9 vs actual 21861.1  (2.8%)
    #8 CTS_BUF_DISTANCE=134.0, CTS_CLUSTER_DIAMETER=70.0, CTS_CLUSTER_SIZE=19 -> built (worst_slack=-0.2665, power_total=0.03365, instance_area=1.022e+05, clock_skew_setup=0.5632)
        predicted 22464.9 vs actual 22138.3  (1.5%)
    #9 CTS_BUF_DISTANCE=102.0, CTS_CLUSTER_DIAMETER=70.0, CTS_CLUSTER_SIZE=19 -> built (worst_slack=-0.2585, power_total=0.03339, instance_area=1.022e+05, clock_skew_setup=0.5587)
        predicted 22464.9 vs actual 21663  (3.7%)
    #10 CTS_BUF_DISTANCE=86.0, CTS_CLUSTER_DIAMETER=70.0, CTS_CLUSTER_SIZE=19 -> built (worst_slack=-0.3432, power_total=0.03377, instance_area=1.025e+05, clock_skew_setup=0.5618)
        predicted 22464.9 vs actual 22157.1  (1.4%)
    #11 CTS_BUF_DISTANCE=118.0, CTS_CLUSTER_DIAMETER=70.0, CTS_CLUSTER_SIZE=19 -> built (worst_slack=-0.2621, power_total=0.03344, instance_area=1.022e+05, clock_skew_setup=0.5559)
        predicted 22464.9 vs actual 22009  (2.1%)
    #12 CTS_BUF_DISTANCE=150.0, CTS_CLUSTER_DIAMETER=70.0, CTS_CLUSTER_SIZE=19 -> built (worst_slack=-0.166, power_total=0.03332, instance_area=1.02e+05, clock_skew_setup=0.557)
        predicted 22464.9 vs actual 21622.8  (3.9%)

=== screen accuracy ===
surrogate: swiftcts
  clock_wirelength_um    n= 12  MAE=733.2 (3.4% of mean)  rank_corr=+0.58
[36m(_ToolServerActor pid=636480)[0m INFO:     Shutting down

=== ledger ===
  #1 CTS_BUF_DISTANCE=70.0, CTS_CLUSTER_DIAMETER=70.0, CTS_CLUSTER_SIZE=30 -> built (worst_slack=-0.302, power_total=0.03373, instance_area=1.027e+05, clock_skew_setup=0.5695)
  #2 CTS_BUF_DISTANCE=150.0, CTS_CLUSTER_DIAMETER=70.0, CTS_CLUSTER_SIZE=30 -> built (worst_slack=-0.1743, power_total=0.03338, instance_area=1.021e+05, clock_skew_setup=0.5648)
  #3 CTS_BUF_DISTANCE=102.0, CTS_CLUSTER_DIAMETER=70.0, CTS_CLUSTER_SIZE=30 -> built (worst_slack=-0.2377, power_total=0.03351, instance_area=1.025e+05, clock_skew_setup=0.5714)
  #4 CTS_BUF_DISTANCE=86.0, CTS_CLUSTER_DIAMETER=70.0, CTS_CLUSTER_SIZE=30 -> built (worst_slack=-0.3623, power_total=0.03381, instance_area=1.027e+05, clock_skew_setup=0.5793)
  #5 CTS_BUF_DISTANCE=118.0, CTS_CLUSTER_DIAMETER=70.0, CTS_CLUSTER_SIZE=30 -> built (worst_slack=-0.2917, power_total=0.03355, instance_area=1.026e+05, clock_skew_setup=0.5778)
  #6 CTS_BUF_DISTANCE=134.0, CTS_CLUSTER_DIAMETER=70.0, CTS_CLUSTER_SIZE=30 -> built (worst_slack=-0.2368, power_total=0.0337, instance_area=1.025e+05, clock_skew_setup=0.579)
  #7 CTS_BUF_DISTANCE=70.0, CTS_CLUSTER_DIAMETER=70.0, CTS_CLUSTER_SIZE=19 -> built (worst_slack=-0.3289, power_total=0.03373, instance_area=1.025e+05, clock_skew_setup=0.5602)
  #8 CTS_BUF_DISTANCE=134.0, CTS_CLUSTER_DIAMETER=70.0, CTS_CLUSTER_SIZE=19 -> built (worst_slack=-0.2665, power_total=0.03365, instance_area=1.022e+05, clock_skew_setup=0.5632)
  #9 CTS_BUF_DISTANCE=102.0, CTS_CLUSTER_DIAMETER=70.0, CTS_CLUSTER_SIZE=19 -> built (worst_slack=-0.2585, power_total=0.03339, instance_area=1.022e+05, clock_skew_setup=0.5587)
  #10 CTS_BUF_DISTANCE=86.0, CTS_CLUSTER_DIAMETER=70.0, CTS_CLUSTER_SIZE=19 -> built (worst_slack=-0.3432, power_total=0.03377, instance_area=1.025e+05, clock_skew_setup=0.5618)
  #11 CTS_BUF_DISTANCE=118.0, CTS_CLUSTER_DIAMETER=70.0, CTS_CLUSTER_SIZE=19 -> built (worst_slack=-0.2621, power_total=0.03344, instance_area=1.022e+05, clock_skew_setup=0.5559)
  #12 CTS_BUF_DISTANCE=150.0, CTS_CLUSTER_DIAMETER=70.0, CTS_CLUSTER_SIZE=19 -> built (worst_slack=-0.166, power_total=0.03332, instance_area=1.02e+05, clock_skew_setup=0.557)

=== stats === {
 "proposed": 12,
 "rejected": 0,
 "built": 12,
 "failed": 0,
 "tool_runs": 24,
 "build_seconds_total": 13219.9
}

=== best by worst_slack ===
  #12 CTS_BUF_DISTANCE=150.0, CTS_CLUSTER_DIAMETER=70.0, CTS_CLUSTER_SIZE=19 -> built (worst_slack=-0.166, power_total=0.03332, instance_area=1.02e+05, clock_skew_setup=0.557)
[36m(_ToolServerActor pid=636480)[0m INFO:     Waiting for application shutdown.
[36m(_ToolServerActor pid=636480)[0m INFO:     Application shutdown complete.
[36m(_ToolServerActor pid=636480)[0m INFO:     Finished server process [636480]
